// Jest Snapshot v1, https://goo.gl/fbAQLP

exports[`ProductTitle Then should show the component with the name of the product 1`] = `
<div
  className="productCard undefined"
>
  <span
    className="productDescription undefined"
  >
    Coffe Mug - Withou image
  </span>
</div>
`;

exports[`ProductTitle Then should show the component with title personalized 1`] = `
<span
  className="productDescription custom-class"
>
  Custom Product
</span>
`;
