// Jest Snapshot v1, https://goo.gl/fbAQLP

exports[`Pruebas den <GifGridItem /> debe de mostrar el componente correctamente  1`] = `
<div
  className="card animate__animated animate__fadeIn"
>
  <img
    alt="Un títutlo"
    src="https://localhost/algo.jpg"
  />
  <p>
     
    Un títutlo
     
  </p>
</div>
`;
